
=== MEDIS Disease Prediction System V2.0 ===

Test Case 1 - Malaria Symptoms:
Symptoms: periodic_fever, chills, sweating, severe_headache, nausea, body_ache, fatigue, vomiting

DEBUG: Input symptoms: ['periodic_fever', 'chills', 'sweating', 'severe_headache', 'nausea', 'body_ache', 'fatigue', 'vomiting']
DEBUG: Mapped symptoms: ['periodic_fever', 'chills', 'sweating', 'severe_headache', 'nausea', 'body_ache', 'tiredness', 'vomiting']
DEBUG: Chicken Pox matches - Critical: []
DEBUG: Chicken Pox matches - High: ['tiredness']
DEBUG: Evaluating Malaria - Confidence: 71.07%
DEBUG: Malaria matches - Critical: ['periodic_fever', 'chills', 'sweating'], High: ['severe_headache', 'nausea', 'body_ache', 'vomiting']
DEBUG: Added Malaria to predictions
DEBUG: Evaluating Sinusitis - Confidence: 0.00%
DEBUG: Evaluating COVID_19 - Confidence: 0.00%
DEBUG: Evaluating Dengue - Confidence: 0.00%
DEBUG: Evaluating Typhoid - Confidence: 0.00%
DEBUG: Evaluating Common_Cold - Confidence: 0.00%
DEBUG: Evaluating Tuberculosis - Confidence: 0.00%
DEBUG: Evaluating Jaundice - Confidence: 0.00%
DEBUG: Evaluating Gastritis - Confidence: 0.00%
DEBUG: Evaluating Skin_Infection - Confidence: 0.00%
DEBUG: Evaluating Acne - Confidence: 0.00%
DEBUG: Evaluating Arthritis - Confidence: 0.00%
DEBUG: Evaluating AIDS - Confidence: 0.00%
DEBUG: Evaluating Flu - Confidence: 0.00%
DEBUG: Evaluating Asthma - Confidence: 0.00%
DEBUG: Evaluating Pneumonia - Confidence: 0.00%
DEBUG: Evaluating Hepatitis - Confidence: 0.00%
DEBUG: Evaluating Depression - Confidence: 0.00%
DEBUG: Evaluating Alzheimer - Confidence: 0.00%
DEBUG: Evaluating Parkinson - Confidence: 0.00%
DEBUG: Evaluating UTI - Confidence: 0.00%
DEBUG: Final predictions: ['Malaria']

Predictions:

Disease: Malaria
Confidence: 71.07%
Danger Level: HIGH
Matching Symptoms:
- Critical: periodic_fever, chills, sweating
- High Priority: severe_headache, nausea, body_ache, vomiting

Suggested additional symptoms to check: shortness_of_breath, mild_fever, dark_urine, night_sweats, weight_loss, muscle_weakness, feelings_of_worthlessness, high_fever, joint_swelling, loss_of_appetite, bloating, cough, coughing_blood, loss_of_interest, congestion, joint_pain, sore_throat, dry_cough, persistent_sadness, indigestion, pain_behind_eyes, severe_body_ache, fever, changes_in_sleep, sneezing, severe_abdominal_pain, yellowing_eyes, joint_stiffness, reduced_joint_mobility, joint_warmth, eye_pain, persistent_nausea, runny_nose, difficulty_concentrating, loss_of_taste, platelets_low, chest_pain, burning_stomach_pain, headache, breathing_difficulty, loss_of_smell, persistent_cough, morning_stiffness, production_of_mucus, abdominal_pain, changes_in_appetite, rash, muscle_and_joint_pain, yellowing_skin

==================================================

Test Case 2 - Chicken Pox Symptoms:
Symptoms: itchy_rash, blisters, red_spots, itching, fever, loss_of_appetite, tiredness, headache

DEBUG: Input symptoms: ['itchy_rash', 'blisters', 'red_spots', 'itching', 'fever', 'loss_of_appetite', 'tiredness', 'headache']
DEBUG: Mapped symptoms: ['itchy_rash', 'blisters', 'red_spots', 'itching', 'fever', 'loss_of_appetite', 'tiredness', 'headache']
DEBUG: Chicken Pox matches - Critical: ['itchy_rash', 'blisters', 'red_spots', 'itching']
DEBUG: Chicken Pox matches - High: ['fever', 'loss_of_appetite', 'tiredness', 'headache']
DEBUG: Returning Chicken Pox prediction

Predictions:

Disease: Chicken_Pox
Confidence: 100.0%
Danger Level: MEDIUM
Matching Symptoms:
- Critical: itchy_rash, blisters, red_spots, itching
- High Priority: fever, loss_of_appetite, tiredness, headache

Suggested additional symptoms to check: shortness_of_breath, dark_urine, night_sweats, weight_loss, skin_rash, severe_headache, fatigue, high_fever, bloating, coughing_blood, cough, blackheads, sore_throat, vomiting, diarrhea, skin_peeling, indigestion, scurring, pain_behind_eyes, severe_body_ache, severe_abdominal_pain, yellowing_eyes, nausea, eye_pain, persistent_nausea, oily_skin, body_ache, periodic_fever, weakness, chills, platelets_low, chest_pain, burning_stomach_pain, breathing_difficulty, persistent_cough, pus_filled_pimples, whiteheads, production_of_mucus, swelled_lymph_nodes, sweating, abdominal_pain, rash, muscle_and_joint_pain, yellowing_skin

==================================================

Test Case 3 - Respiratory Symptoms:
Symptoms: cough, production of mucus, fatigue, shortness of breath, slight fever, chest discomfort

DEBUG: Input symptoms: ['cough', 'production of mucus', 'fatigue', 'shortness of breath', 'slight fever', 'chest discomfort']
DEBUG: Mapped symptoms: ['cough', 'production_of_mucus', 'tiredness', 'shortness_of_breath', 'mild_fever', 'chest_discomfort']
DEBUG: Chicken Pox matches - Critical: []
DEBUG: Chicken Pox matches - High: ['tiredness']
DEBUG: Evaluating Malaria - Confidence: 0.00%
DEBUG: Evaluating Sinusitis - Confidence: 0.00%
DEBUG: Evaluating COVID_19 - Confidence: 0.00%
DEBUG: Evaluating Dengue - Confidence: 0.00%
DEBUG: Evaluating Typhoid - Confidence: 0.00%
DEBUG: Evaluating Common_Cold - Confidence: 0.00%
DEBUG: Evaluating Tuberculosis - Confidence: 0.00%
DEBUG: Evaluating Jaundice - Confidence: 0.00%
DEBUG: Evaluating Gastritis - Confidence: 0.00%
DEBUG: Evaluating Skin_Infection - Confidence: 0.00%
DEBUG: Evaluating Acne - Confidence: 0.00%
DEBUG: Evaluating Arthritis - Confidence: 0.00%
DEBUG: Evaluating AIDS - Confidence: 0.00%
DEBUG: Evaluating Flu - Confidence: 0.00%
DEBUG: Evaluating Asthma - Confidence: 0.00%
DEBUG: Evaluating Pneumonia - Confidence: 0.00%
DEBUG: Evaluating Hepatitis - Confidence: 0.00%
DEBUG: Evaluating Depression - Confidence: 0.00%
DEBUG: Evaluating Alzheimer - Confidence: 0.00%
DEBUG: Evaluating Parkinson - Confidence: 0.00%
DEBUG: Evaluating UTI - Confidence: 0.00%
DEBUG: Final predictions: []

Predictions:

==================================================

Test Case 4 - Dengue Symptoms:
Symptoms: high fever, severe headache, pain behind eyes, muscle and joint pain, rash, fatigue

DEBUG: Input symptoms: ['high fever', 'severe headache', 'pain behind eyes', 'muscle and joint pain', 'rash', 'fatigue']
DEBUG: Mapped symptoms: ['high_fever', 'severe_headache', 'pain_behind_eyes', 'muscle_and_joint_pain', 'rash', 'tiredness']
DEBUG: Chicken Pox matches - Critical: []
DEBUG: Chicken Pox matches - High: ['tiredness']
DEBUG: Evaluating Malaria - Confidence: 0.00%
DEBUG: Evaluating Sinusitis - Confidence: 0.00%
DEBUG: Evaluating COVID_19 - Confidence: 0.00%
DEBUG: Evaluating Dengue - Confidence: 49.30%
DEBUG: Dengue matches - Critical: ['high_fever', 'pain_behind_eyes', 'muscle_and_joint_pain'], High: ['severe_headache', 'rash']
DEBUG: Added Dengue to predictions
DEBUG: Evaluating Typhoid - Confidence: 0.00%
DEBUG: Evaluating Common_Cold - Confidence: 0.00%
DEBUG: Evaluating Tuberculosis - Confidence: 0.00%
DEBUG: Evaluating Jaundice - Confidence: 0.00%
DEBUG: Evaluating Gastritis - Confidence: 0.00%
DEBUG: Evaluating Skin_Infection - Confidence: 0.00%
DEBUG: Evaluating Acne - Confidence: 0.00%
DEBUG: Evaluating Arthritis - Confidence: 0.00%
DEBUG: Evaluating AIDS - Confidence: 0.00%
DEBUG: Evaluating Flu - Confidence: 0.00%
DEBUG: Evaluating Asthma - Confidence: 0.00%
DEBUG: Evaluating Pneumonia - Confidence: 0.00%
DEBUG: Evaluating Hepatitis - Confidence: 0.00%
DEBUG: Evaluating Depression - Confidence: 0.00%
DEBUG: Evaluating Alzheimer - Confidence: 0.00%
DEBUG: Evaluating Parkinson - Confidence: 0.00%
DEBUG: Evaluating UTI - Confidence: 0.00%
DEBUG: Final predictions: ['Dengue']

Predictions:

Disease: Dengue
Confidence: 49.3%
Danger Level: HIGH
Matching Symptoms:
- Critical: high_fever, pain_behind_eyes, muscle_and_joint_pain
- High Priority: severe_headache, rash
